\BOOKMARK [1][-]{section*.2}{\376\377\000I\000n\000t\000r\000o\000d\000u\000c\000t\000i\000o\000n}{}% 1
\BOOKMARK [2][-]{subsection*.3}{\376\377\000C\000o\000n\000t\000r\000i\000b\000u\000t\000i\000o\000n\000\040\000o\000f\000\040\000t\000h\000e\000\040\000P\000r\000o\000j\000e\000c\000t}{section*.2}% 2
\BOOKMARK [1][-]{section*.4}{\376\377\000L\000i\000t\000e\000r\000a\000t\000u\000r\000e\000\040\000R\000e\000v\000i\000e\000w}{}% 3
\BOOKMARK [2][-]{subsection*.5}{\376\377\000T\000h\000e\000\040\000S\000t\000o\000c\000k\000\040\000M\000a\000r\000k\000e\000t\000\040\000P\000a\000r\000t\000i\000c\000i\000p\000a\000t\000i\000o\000n\000\040\000P\000u\000z\000z\000l\000e}{section*.4}% 4
\BOOKMARK [2][-]{subsection*.6}{\376\377\000I\000n\000c\000o\000m\000e\000,\000\040\000W\000e\000a\000l\000t\000h\000,\000\040\000a\000n\000d\000\040\000P\000a\000r\000t\000i\000c\000i\000p\000a\000t\000i\000o\000n}{section*.4}% 5
\BOOKMARK [2][-]{subsection*.7}{\376\377\000E\000d\000u\000c\000a\000t\000i\000o\000n\000\040\000a\000n\000d\000\040\000F\000i\000n\000a\000n\000c\000i\000a\000l\000\040\000L\000i\000t\000e\000r\000a\000c\000y}{section*.4}% 6
\BOOKMARK [2][-]{subsection*.8}{\376\377\000I\000t\000a\000l\000i\000a\000n\000\040\000C\000o\000n\000t\000e\000x\000t}{section*.4}% 7
\BOOKMARK [1][-]{section*.9}{\376\377\000C\000o\000n\000c\000e\000p\000t\000u\000a\000l\000\040\000F\000r\000a\000m\000e\000w\000o\000r\000k\000\040\000a\000n\000d\000\040\000H\000y\000p\000o\000t\000h\000e\000s\000e\000s}{}% 8
\BOOKMARK [2][-]{subsection*.10}{\376\377\000C\000o\000n\000c\000e\000p\000t\000u\000a\000l\000\040\000F\000r\000a\000m\000e\000w\000o\000r\000k}{section*.9}% 9
\BOOKMARK [2][-]{subsection*.11}{\376\377\000H\000y\000p\000o\000t\000h\000e\000s\000e\000s}{section*.9}% 10
\BOOKMARK [1][-]{section*.12}{\376\377\000D\000a\000t\000a\000\040\000S\000o\000u\000r\000c\000e}{}% 11
\BOOKMARK [2][-]{subsection*.13}{\376\377\000S\000u\000r\000v\000e\000y\000\040\000o\000n\000\040\000H\000o\000u\000s\000e\000h\000o\000l\000d\000\040\000I\000n\000c\000o\000m\000e\000\040\000a\000n\000d\000\040\000W\000e\000a\000l\000t\000h}{section*.12}% 12
\BOOKMARK [2][-]{subsection*.14}{\376\377\000W\000h\000y\000\040\000T\000h\000e\000s\000e\000\040\000F\000i\000l\000e\000s\000\040\000W\000e\000r\000e\000\040\000U\000s\000e\000d}{section*.12}% 13
\BOOKMARK [2][-]{subsection*.18}{\376\377\000U\000n\000i\000t\000\040\000o\000f\000\040\000A\000n\000a\000l\000y\000s\000i\000s}{section*.12}% 14
\BOOKMARK [2][-]{subsection*.19}{\376\377\000D\000a\000t\000a\000\040\000D\000i\000c\000t\000i\000o\000n\000a\000r\000y}{section*.12}% 15
\BOOKMARK [1][-]{section*.22}{\376\377\000D\000a\000t\000a\000\040\000V\000a\000l\000i\000d\000a\000t\000i\000o\000n}{}% 16
\BOOKMARK [2][-]{subsection*.23}{\376\377\000V\000a\000l\000i\000d\000a\000t\000i\000o\000n\000\040\000C\000h\000e\000c\000k\000s\000\040\000P\000e\000r\000f\000o\000r\000m\000e\000d}{section*.22}% 17
\BOOKMARK [2][-]{subsection*.24}{\376\377\000V\000a\000l\000i\000d\000a\000t\000i\000o\000n\000\040\000R\000e\000s\000u\000l\000t\000s}{section*.22}% 18
\BOOKMARK [2][-]{subsection*.27}{\376\377\000W\000h\000y\000\040\000V\000a\000l\000i\000d\000a\000t\000i\000o\000n\000\040\000M\000a\000t\000t\000e\000r\000s}{section*.22}% 19
\BOOKMARK [1][-]{section*.28}{\376\377\000V\000a\000r\000i\000a\000b\000l\000e\000\040\000C\000o\000n\000s\000t\000r\000u\000c\000t\000i\000o\000n}{}% 20
\BOOKMARK [2][-]{subsection*.29}{\376\377\000D\000e\000p\000e\000n\000d\000e\000n\000t\000\040\000V\000a\000r\000i\000a\000b\000l\000e}{section*.28}% 21
\BOOKMARK [2][-]{subsection*.30}{\376\377\000M\000a\000i\000n\000\040\000E\000x\000p\000l\000a\000n\000a\000t\000o\000r\000y\000\040\000V\000a\000r\000i\000a\000b\000l\000e\000s}{section*.28}% 22
\BOOKMARK [3][-]{subsubsection*.31}{\376\377\000I\000n\000c\000o\000m\000e}{subsection*.30}% 23
\BOOKMARK [3][-]{subsubsection*.32}{\376\377\000E\000d\000u\000c\000a\000t\000i\000o\000n}{subsection*.30}% 24
\BOOKMARK [2][-]{subsection*.33}{\376\377\000C\000o\000n\000t\000r\000o\000l\000\040\000V\000a\000r\000i\000a\000b\000l\000e\000s}{section*.28}% 25
\BOOKMARK [2][-]{subsection*.34}{\376\377\000F\000i\000n\000a\000l\000\040\000A\000n\000a\000l\000y\000s\000i\000s\000\040\000S\000a\000m\000p\000l\000e}{section*.28}% 26
\BOOKMARK [1][-]{section*.35}{\376\377\000E\000c\000o\000n\000o\000m\000e\000t\000r\000i\000c\000\040\000M\000e\000t\000h\000o\000d}{}% 27
\BOOKMARK [2][-]{subsection*.36}{\376\377\000W\000h\000y\000\040\000a\000\040\000P\000r\000o\000b\000i\000t\000\040\000M\000o\000d\000e\000l\000?}{section*.35}% 28
\BOOKMARK [2][-]{subsection*.37}{\376\377\000M\000a\000i\000n\000\040\000M\000o\000d\000e\000l}{section*.35}% 29
\BOOKMARK [2][-]{subsection*.38}{\376\377\000S\000u\000r\000v\000e\000y\000\040\000W\000e\000i\000g\000h\000t\000s}{section*.35}% 30
\BOOKMARK [2][-]{subsection*.39}{\376\377\000A\000v\000e\000r\000a\000g\000e\000\040\000P\000a\000r\000t\000i\000a\000l\000\040\000E\000f\000f\000e\000c\000t\000s}{section*.35}% 31
\BOOKMARK [2][-]{subsection*.40}{\376\377\000B\000a\000s\000e\000l\000i\000n\000e\000\040\000a\000n\000d\000\040\000R\000o\000b\000u\000s\000t\000n\000e\000s\000s\000\040\000M\000o\000d\000e\000l\000s}{section*.35}% 32
\BOOKMARK [2][-]{subsection*.41}{\376\377\000E\000x\000p\000e\000c\000t\000e\000d\000\040\000C\000o\000e\000f\000f\000i\000c\000i\000e\000n\000t\000\040\000S\000i\000g\000n\000s}{section*.35}% 33
\BOOKMARK [1][-]{section*.42}{\376\377\000E\000x\000p\000l\000a\000n\000a\000t\000i\000o\000n\000\040\000o\000f\000\040\000t\000h\000e\000\040\000C\000o\000d\000e}{}% 34
\BOOKMARK [2][-]{subsection*.43}{\376\377\000S\000t\000e\000p\000\040\0001\000:\000\040\000L\000o\000a\000d\000\040\000P\000a\000c\000k\000a\000g\000e\000s}{section*.42}% 35
\BOOKMARK [2][-]{subsection*.44}{\376\377\000S\000t\000e\000p\000\040\0002\000:\000\040\000S\000e\000t\000\040\000t\000h\000e\000\040\000D\000a\000t\000a\000\040\000F\000o\000l\000d\000e\000r}{section*.42}% 36
\BOOKMARK [2][-]{subsection*.45}{\376\377\000S\000t\000e\000p\000\040\0003\000:\000\040\000R\000e\000a\000d\000\040\000t\000h\000e\000\040\000S\000H\000I\000W\000\040\000F\000i\000l\000e\000s}{section*.42}% 37
\BOOKMARK [2][-]{subsection*.46}{\376\377\000S\000t\000e\000p\000\040\0004\000:\000\040\000M\000e\000r\000g\000e\000\040\000t\000h\000e\000\040\000D\000a\000t\000a}{section*.42}% 38
\BOOKMARK [2][-]{subsection*.47}{\376\377\000S\000t\000e\000p\000\040\0005\000:\000\040\000C\000r\000e\000a\000t\000e\000\040\000t\000h\000e\000\040\000P\000a\000r\000t\000i\000c\000i\000p\000a\000t\000i\000o\000n\000\040\000V\000a\000r\000i\000a\000b\000l\000e}{section*.42}% 39
\BOOKMARK [2][-]{subsection*.48}{\376\377\000S\000t\000e\000p\000\040\0006\000:\000\040\000C\000l\000e\000a\000n\000\040\000t\000h\000e\000\040\000D\000a\000t\000a\000s\000e\000t}{section*.42}% 40
\BOOKMARK [2][-]{subsection*.49}{\376\377\000S\000t\000e\000p\000\040\0007\000:\000\040\000E\000s\000t\000i\000m\000a\000t\000e\000\040\000t\000h\000e\000\040\000P\000r\000o\000b\000i\000t\000\040\000M\000o\000d\000e\000l\000s}{section*.42}% 41
\BOOKMARK [2][-]{subsection*.50}{\376\377\000S\000t\000e\000p\000\040\0008\000:\000\040\000E\000x\000p\000o\000r\000t\000\040\000O\000u\000t\000p\000u\000t\000s}{section*.42}% 42
\BOOKMARK [2][-]{subsection*.51}{\376\377\000S\000t\000e\000p\000\040\0009\000:\000\040\000V\000a\000l\000i\000d\000a\000t\000e\000\040\000t\000h\000e\000\040\000D\000a\000t\000a\000s\000e\000t}{section*.42}% 43
\BOOKMARK [2][-]{subsection*.52}{\376\377\000S\000t\000e\000p\000\040\0001\0000\000:\000\040\000P\000r\000i\000n\000t\000\040\000R\000e\000s\000u\000l\000t\000s\000\040\000f\000o\000r\000\040\000P\000r\000e\000s\000e\000n\000t\000a\000t\000i\000o\000n}{section*.42}% 44
\BOOKMARK [1][-]{section*.53}{\376\377\000D\000e\000s\000c\000r\000i\000p\000t\000i\000v\000e\000\040\000R\000e\000s\000u\000l\000t\000s}{}% 45
\BOOKMARK [2][-]{subsection*.54}{\376\377\000O\000v\000e\000r\000a\000l\000l\000\040\000P\000a\000r\000t\000i\000c\000i\000p\000a\000t\000i\000o\000n}{section*.53}% 46
\BOOKMARK [2][-]{subsection*.57}{\376\377\000P\000a\000r\000t\000i\000c\000i\000p\000a\000t\000i\000o\000n\000\040\000b\000y\000\040\000E\000d\000u\000c\000a\000t\000i\000o\000n}{section*.53}% 47
\BOOKMARK [2][-]{subsection*.62}{\376\377\000P\000a\000r\000t\000i\000c\000i\000p\000a\000t\000i\000o\000n\000\040\000b\000y\000\040\000R\000e\000g\000i\000o\000n}{section*.53}% 48
\BOOKMARK [2][-]{subsection*.65}{\376\377\000D\000e\000s\000c\000r\000i\000p\000t\000i\000v\000e\000\040\000R\000e\000s\000u\000l\000t\000s\000\040\000S\000u\000m\000m\000a\000r\000y}{section*.53}% 49
\BOOKMARK [1][-]{section*.66}{\376\377\000R\000e\000g\000r\000e\000s\000s\000i\000o\000n\000\040\000R\000e\000s\000u\000l\000t\000s}{}% 50
\BOOKMARK [2][-]{subsection*.67}{\376\377\000M\000a\000i\000n\000\040\000P\000r\000o\000b\000i\000t\000\040\000F\000i\000n\000d\000i\000n\000g\000s}{section*.66}% 51
\BOOKMARK [2][-]{subsection*.70}{\376\377\000S\000t\000a\000t\000i\000s\000t\000i\000c\000a\000l\000\040\000S\000i\000g\000n\000i\000f\000i\000c\000a\000n\000c\000e}{section*.66}% 52
\BOOKMARK [2][-]{subsection*.71}{\376\377\000A\000v\000e\000r\000a\000g\000e\000\040\000P\000a\000r\000t\000i\000a\000l\000\040\000E\000f\000f\000e\000c\000t\000s}{section*.66}% 53
\BOOKMARK [2][-]{subsection*.74}{\376\377\000P\000r\000e\000d\000i\000c\000t\000e\000d\000\040\000P\000r\000o\000b\000a\000b\000i\000l\000i\000t\000i\000e\000s}{section*.66}% 54
\BOOKMARK [2][-]{subsection*.77}{\376\377\000R\000o\000b\000u\000s\000t\000n\000e\000s\000s\000\040\000I\000n\000t\000e\000r\000p\000r\000e\000t\000a\000t\000i\000o\000n}{section*.66}% 55
\BOOKMARK [1][-]{section*.78}{\376\377\000I\000n\000t\000e\000r\000p\000r\000e\000t\000a\000t\000i\000o\000n}{}% 56
\BOOKMARK [2][-]{subsection*.79}{\376\377\000I\000n\000c\000o\000m\000e\000\040\000E\000f\000f\000e\000c\000t}{section*.78}% 57
\BOOKMARK [2][-]{subsection*.80}{\376\377\000E\000d\000u\000c\000a\000t\000i\000o\000n\000\040\000E\000f\000f\000e\000c\000t}{section*.78}% 58
\BOOKMARK [2][-]{subsection*.81}{\376\377\000R\000e\000g\000i\000o\000n\000a\000l\000\040\000D\000i\000f\000f\000e\000r\000e\000n\000c\000e\000s}{section*.78}% 59
\BOOKMARK [2][-]{subsection*.82}{\376\377\000P\000r\000a\000c\000t\000i\000c\000a\000l\000\040\000I\000m\000p\000l\000i\000c\000a\000t\000i\000o\000n\000s}{section*.78}% 60
\BOOKMARK [1][-]{section*.83}{\376\377\000B\000u\000s\000i\000n\000e\000s\000s\000\040\000a\000n\000d\000\040\000P\000o\000l\000i\000c\000y\000\040\000I\000m\000p\000l\000i\000c\000a\000t\000i\000o\000n\000s}{}% 61
\BOOKMARK [2][-]{subsection*.84}{\376\377\000I\000m\000p\000l\000i\000c\000a\000t\000i\000o\000n\000s\000\040\000f\000o\000r\000\040\000B\000a\000n\000k\000s\000\040\000a\000n\000d\000\040\000W\000e\000a\000l\000t\000h\000\040\000M\000a\000n\000a\000g\000e\000r\000s}{section*.83}% 62
\BOOKMARK [2][-]{subsection*.85}{\376\377\000I\000m\000p\000l\000i\000c\000a\000t\000i\000o\000n\000s\000\040\000f\000o\000r\000\040\000F\000i\000n\000a\000n\000c\000i\000a\000l\000\040\000E\000d\000u\000c\000a\000t\000i\000o\000n}{section*.83}% 63
\BOOKMARK [2][-]{subsection*.86}{\376\377\000I\000m\000p\000l\000i\000c\000a\000t\000i\000o\000n\000s\000\040\000f\000o\000r\000\040\000R\000e\000g\000i\000o\000n\000a\000l\000\040\000I\000n\000e\000q\000u\000a\000l\000i\000t\000y}{section*.83}% 64
\BOOKMARK [1][-]{section*.87}{\376\377\000L\000i\000m\000i\000t\000a\000t\000i\000o\000n\000s}{}% 65
\BOOKMARK [1][-]{section*.88}{\376\377\000P\000o\000s\000s\000i\000b\000l\000e\000\040\000E\000x\000t\000e\000n\000s\000i\000o\000n\000s}{}% 66
\BOOKMARK [1][-]{section*.89}{\376\377\000R\000e\000p\000r\000o\000d\000u\000c\000i\000b\000i\000l\000i\000t\000y}{}% 67
\BOOKMARK [1][-]{section*.94}{\376\377\000C\000o\000n\000c\000l\000u\000s\000i\000o\000n}{}% 68
\BOOKMARK [1][-]{section*.95}{\376\377\000B\000i\000b\000l\000i\000o\000g\000r\000a\000p\000h\000y}{}% 69
\BOOKMARK [1][-]{section*.96}{\376\377\000A\000p\000p\000e\000n\000d\000i\000x\000:\000\040\000F\000i\000l\000e\000s\000\040\000C\000r\000e\000a\000t\000e\000d\000\040\000f\000o\000r\000\040\000t\000h\000e\000\040\000P\000r\000o\000j\000e\000c\000t}{}% 70
\BOOKMARK [1][-]{section*.97}{\376\377\000A\000p\000p\000e\000n\000d\000i\000x\000:\000\040\000M\000a\000i\000n\000\040\000R\000\040\000C\000o\000m\000m\000a\000n\000d\000s}{}% 71
